// Jest Snapshot v1, https://goo.gl/fbAQLP

exports[`Message1.test.js has the expected html structure 1`] = `
<div
  id="message-list"
>
  <messagelist-stub
    messages="Cat"
  />
</div>
`;
