// Jest Snapshot v1, https://goo.gl/fbAQLP

exports[`throws on octopus 1`] = `"yuck, octopus flavor"`;

exports[`throws on octopus 2`] = `
Object {
  "code": 1,
  "message": "你好",
}
`;
